                                 Started job on |	May 23 08:54:25
                             Started mapping on |	May 23 08:54:25
                                    Finished on |	May 23 08:54:28
       Mapping speed, Million of reads per hour |	23.36

                          Number of input reads |	19464
                      Average input read length |	273
                                    UNIQUE READS:
                   Uniquely mapped reads number |	14066
                        Uniquely mapped reads % |	72.27%
                          Average mapped length |	272.27
                       Number of splices: Total |	1
            Number of splices: Annotated (sjdb) |	0
                       Number of splices: GT/AG |	0
                       Number of splices: GC/AG |	0
                       Number of splices: AT/AC |	0
               Number of splices: Non-canonical |	1
                      Mismatch rate per base, % |	0.46%
                         Deletion rate per base |	0.02%
                        Deletion average length |	1.40
                        Insertion rate per base |	0.00%
                       Insertion average length |	1.41
                             MULTI-MAPPING READS:
        Number of reads mapped to multiple loci |	0
             % of reads mapped to multiple loci |	0.00%
        Number of reads mapped to too many loci |	866
             % of reads mapped to too many loci |	4.45%
                                  UNMAPPED READS:
  Number of reads unmapped: too many mismatches |	0
       % of reads unmapped: too many mismatches |	0.00%
            Number of reads unmapped: too short |	4491
                 % of reads unmapped: too short |	23.07%
                Number of reads unmapped: other |	41
                     % of reads unmapped: other |	0.21%
                                  CHIMERIC READS:
                       Number of chimeric reads |	0
                            % of chimeric reads |	0.00%
