                                 Started job on |	May 20 13:44:48
                             Started mapping on |	May 20 13:44:48
                                    Finished on |	May 20 13:44:48
       Mapping speed, Million of reads per hour |	inf

                          Number of input reads |	19073
                      Average input read length |	46
                                    UNIQUE READS:
                   Uniquely mapped reads number |	18230
                        Uniquely mapped reads % |	95.58%
                          Average mapped length |	45.64
                       Number of splices: Total |	3
            Number of splices: Annotated (sjdb) |	0
                       Number of splices: GT/AG |	0
                       Number of splices: GC/AG |	0
                       Number of splices: AT/AC |	0
               Number of splices: Non-canonical |	3
                      Mismatch rate per base, % |	0.52%
                         Deletion rate per base |	0.05%
                        Deletion average length |	1.39
                        Insertion rate per base |	0.07%
                       Insertion average length |	1.56
                             MULTI-MAPPING READS:
        Number of reads mapped to multiple loci |	0
             % of reads mapped to multiple loci |	0.00%
        Number of reads mapped to too many loci |	95
             % of reads mapped to too many loci |	0.50%
                                  UNMAPPED READS:
  Number of reads unmapped: too many mismatches |	0
       % of reads unmapped: too many mismatches |	0.00%
            Number of reads unmapped: too short |	748
                 % of reads unmapped: too short |	3.92%
                Number of reads unmapped: other |	0
                     % of reads unmapped: other |	0.00%
                                  CHIMERIC READS:
                       Number of chimeric reads |	0
                            % of chimeric reads |	0.00%
